------------------------------------------------------------
Timing Analyzer Summary
------------------------------------------------------------

Type  : Slow 1100mV 85C Model Setup 'KEY[0]'
Slack : -13.941
TNS   : -32985.950

Type  : Slow 1100mV 85C Model Hold 'KEY[0]'
Slack : 0.804
TNS   : 0.000

Type  : Slow 1100mV 85C Model Minimum Pulse Width 'KEY[0]'
Slack : -0.538
TNS   : -2979.299

Type  : Slow 1100mV 0C Model Setup 'KEY[0]'
Slack : -13.636
TNS   : -32087.614

Type  : Slow 1100mV 0C Model Hold 'KEY[0]'
Slack : 0.802
TNS   : 0.000

Type  : Slow 1100mV 0C Model Minimum Pulse Width 'KEY[0]'
Slack : -0.538
TNS   : -2810.456

Type  : Fast 1100mV 85C Model Setup 'KEY[0]'
Slack : -7.323
TNS   : -16373.481

Type  : Fast 1100mV 85C Model Hold 'KEY[0]'
Slack : 0.383
TNS   : 0.000

Type  : Fast 1100mV 85C Model Minimum Pulse Width 'KEY[0]'
Slack : -0.581
TNS   : -2311.870

Type  : Fast 1100mV 0C Model Setup 'KEY[0]'
Slack : -6.411
TNS   : -14327.558

Type  : Fast 1100mV 0C Model Hold 'KEY[0]'
Slack : 0.355
TNS   : 0.000

Type  : Fast 1100mV 0C Model Minimum Pulse Width 'KEY[0]'
Slack : -0.611
TNS   : -2531.345

------------------------------------------------------------
