------------------------------------------------------------
Timing Analyzer Summary
------------------------------------------------------------

Type  : Slow 1100mV 85C Model Setup 'KEY[0]'
Slack : -13.507
TNS   : -28906.899

Type  : Slow 1100mV 85C Model Hold 'KEY[0]'
Slack : 1.159
TNS   : 0.000

Type  : Slow 1100mV 85C Model Minimum Pulse Width 'KEY[0]'
Slack : -0.585
TNS   : -2942.252

Type  : Slow 1100mV 0C Model Setup 'KEY[0]'
Slack : -13.281
TNS   : -28191.469

Type  : Slow 1100mV 0C Model Hold 'KEY[0]'
Slack : 1.153
TNS   : 0.000

Type  : Slow 1100mV 0C Model Minimum Pulse Width 'KEY[0]'
Slack : -0.538
TNS   : -2729.925

Type  : Fast 1100mV 85C Model Setup 'KEY[0]'
Slack : -6.893
TNS   : -13843.775

Type  : Fast 1100mV 85C Model Hold 'KEY[0]'
Slack : 0.515
TNS   : 0.000

Type  : Fast 1100mV 85C Model Minimum Pulse Width 'KEY[0]'
Slack : -0.629
TNS   : -2383.305

Type  : Fast 1100mV 0C Model Setup 'KEY[0]'
Slack : -6.068
TNS   : -12124.296

Type  : Fast 1100mV 0C Model Hold 'KEY[0]'
Slack : 0.486
TNS   : 0.000

Type  : Fast 1100mV 0C Model Minimum Pulse Width 'KEY[0]'
Slack : -0.637
TNS   : -2466.278

------------------------------------------------------------
