------------------------------------------------------------
Timing Analyzer Summary
------------------------------------------------------------

Type  : Slow 1100mV 85C Model Setup 'KEY[0]'
Slack : -5.675
TNS   : -94.431

Type  : Slow 1100mV 85C Model Hold 'KEY[0]'
Slack : 0.769
TNS   : 0.000

Type  : Slow 1100mV 85C Model Minimum Pulse Width 'KEY[0]'
Slack : -0.631
TNS   : -38.478

Type  : Slow 1100mV 0C Model Setup 'KEY[0]'
Slack : -5.797
TNS   : -95.596

Type  : Slow 1100mV 0C Model Hold 'KEY[0]'
Slack : 0.745
TNS   : 0.000

Type  : Slow 1100mV 0C Model Minimum Pulse Width 'KEY[0]'
Slack : -0.549
TNS   : -35.801

Type  : Fast 1100mV 85C Model Setup 'KEY[0]'
Slack : -2.203
TNS   : -27.989

Type  : Fast 1100mV 85C Model Hold 'KEY[0]'
Slack : 0.301
TNS   : 0.000

Type  : Fast 1100mV 85C Model Minimum Pulse Width 'KEY[0]'
Slack : -0.681
TNS   : -34.370

Type  : Fast 1100mV 0C Model Setup 'KEY[0]'
Slack : -1.972
TNS   : -23.963

Type  : Fast 1100mV 0C Model Hold 'KEY[0]'
Slack : 0.292
TNS   : 0.000

Type  : Fast 1100mV 0C Model Minimum Pulse Width 'KEY[0]'
Slack : -0.682
TNS   : -34.790

------------------------------------------------------------
