------------------------------------------------------------
Timing Analyzer Summary
------------------------------------------------------------

Type  : Slow 1100mV 85C Model Setup 'KEY[0]'
Slack : -6.695
TNS   : -252.923

Type  : Slow 1100mV 85C Model Setup 'CLOCK_50'
Slack : -2.411
TNS   : -2.411

Type  : Slow 1100mV 85C Model Hold 'CLOCK_50'
Slack : 0.518
TNS   : 0.000

Type  : Slow 1100mV 85C Model Hold 'KEY[0]'
Slack : 0.823
TNS   : 0.000

Type  : Slow 1100mV 85C Model Minimum Pulse Width 'CLOCK_50'
Slack : -0.578
TNS   : -1.116

Type  : Slow 1100mV 85C Model Minimum Pulse Width 'KEY[0]'
Slack : -0.538
TNS   : -59.223

Type  : Slow 1100mV 0C Model Setup 'KEY[0]'
Slack : -6.870
TNS   : -253.230

Type  : Slow 1100mV 0C Model Setup 'CLOCK_50'
Slack : -2.464
TNS   : -2.464

Type  : Slow 1100mV 0C Model Hold 'CLOCK_50'
Slack : 0.464
TNS   : 0.000

Type  : Slow 1100mV 0C Model Hold 'KEY[0]'
Slack : 0.825
TNS   : 0.000

Type  : Slow 1100mV 0C Model Minimum Pulse Width 'CLOCK_50'
Slack : -0.617
TNS   : -1.155

Type  : Slow 1100mV 0C Model Minimum Pulse Width 'KEY[0]'
Slack : -0.564
TNS   : -62.973

Type  : Fast 1100mV 85C Model Setup 'KEY[0]'
Slack : -2.867
TNS   : -100.459

Type  : Fast 1100mV 85C Model Setup 'CLOCK_50'
Slack : -1.994
TNS   : -1.994

Type  : Fast 1100mV 85C Model Hold 'KEY[0]'
Slack : 0.013
TNS   : 0.000

Type  : Fast 1100mV 85C Model Hold 'CLOCK_50'
Slack : 0.223
TNS   : 0.000

Type  : Fast 1100mV 85C Model Minimum Pulse Width 'KEY[0]'
Slack : -0.675
TNS   : -52.614

Type  : Fast 1100mV 85C Model Minimum Pulse Width 'CLOCK_50'
Slack : -0.634
TNS   : -1.080

Type  : Fast 1100mV 0C Model Setup 'KEY[0]'
Slack : -2.568
TNS   : -88.749

Type  : Fast 1100mV 0C Model Setup 'CLOCK_50'
Slack : -1.907
TNS   : -1.907

Type  : Fast 1100mV 0C Model Hold 'KEY[0]'
Slack : -0.065
TNS   : -0.158

Type  : Fast 1100mV 0C Model Hold 'CLOCK_50'
Slack : 0.127
TNS   : 0.000

Type  : Fast 1100mV 0C Model Minimum Pulse Width 'KEY[0]'
Slack : -0.707
TNS   : -58.653

Type  : Fast 1100mV 0C Model Minimum Pulse Width 'CLOCK_50'
Slack : -0.669
TNS   : -1.209

------------------------------------------------------------
