------------------------------------------------------------
Timing Analyzer Summary
------------------------------------------------------------

Type  : Slow 1100mV 85C Model Setup 'KEY[0]'
Slack : -10.711
TNS   : -18409.212

Type  : Slow 1100mV 85C Model Hold 'KEY[0]'
Slack : 0.990
TNS   : 0.000

Type  : Slow 1100mV 85C Model Minimum Pulse Width 'KEY[0]'
Slack : -0.630
TNS   : -2537.377

Type  : Slow 1100mV 0C Model Setup 'KEY[0]'
Slack : -10.475
TNS   : -18018.531

Type  : Slow 1100mV 0C Model Hold 'KEY[0]'
Slack : 0.933
TNS   : 0.000

Type  : Slow 1100mV 0C Model Minimum Pulse Width 'KEY[0]'
Slack : -0.554
TNS   : -2391.618

Type  : Fast 1100mV 85C Model Setup 'KEY[0]'
Slack : -5.295
TNS   : -8391.275

Type  : Fast 1100mV 85C Model Hold 'KEY[0]'
Slack : 0.457
TNS   : 0.000

Type  : Fast 1100mV 85C Model Minimum Pulse Width 'KEY[0]'
Slack : -0.673
TNS   : -2165.175

Type  : Fast 1100mV 0C Model Setup 'KEY[0]'
Slack : -4.674
TNS   : -7327.574

Type  : Fast 1100mV 0C Model Hold 'KEY[0]'
Slack : 0.426
TNS   : 0.000

Type  : Fast 1100mV 0C Model Minimum Pulse Width 'KEY[0]'
Slack : -0.672
TNS   : -2197.100

------------------------------------------------------------
