------------------------------------------------------------
Timing Analyzer Summary
------------------------------------------------------------

Type  : Slow 1100mV 85C Model Setup 'CLOCK_50'
Slack : -10.810
TNS   : -4451.499

Type  : Slow 1100mV 85C Model Hold 'CLOCK_50'
Slack : 0.452
TNS   : 0.000

Type  : Slow 1100mV 85C Model Recovery 'FPGA_RESET_N'
Slack : -4.990
TNS   : -4.990

Type  : Slow 1100mV 85C Model Recovery 'KEY[1]'
Slack : -4.487
TNS   : -4.487

Type  : Slow 1100mV 85C Model Recovery 'KEY[3]'
Slack : -4.424
TNS   : -4.424

Type  : Slow 1100mV 85C Model Recovery 'KEY[0]'
Slack : -4.281
TNS   : -4.281

Type  : Slow 1100mV 85C Model Removal 'KEY[0]'
Slack : 0.817
TNS   : 0.000

Type  : Slow 1100mV 85C Model Removal 'KEY[1]'
Slack : 0.880
TNS   : 0.000

Type  : Slow 1100mV 85C Model Removal 'KEY[3]'
Slack : 0.980
TNS   : 0.000

Type  : Slow 1100mV 85C Model Removal 'FPGA_RESET_N'
Slack : 1.493
TNS   : 0.000

Type  : Slow 1100mV 85C Model Minimum Pulse Width 'KEY[3]'
Slack : -0.766
TNS   : -1.325

Type  : Slow 1100mV 85C Model Minimum Pulse Width 'CLOCK_50'
Slack : -0.538
TNS   : -576.546

Type  : Slow 1100mV 85C Model Minimum Pulse Width 'KEY[0]'
Slack : -0.538
TNS   : -1.046

Type  : Slow 1100mV 85C Model Minimum Pulse Width 'KEY[1]'
Slack : -0.538
TNS   : -0.909

Type  : Slow 1100mV 85C Model Minimum Pulse Width 'FPGA_RESET_N'
Slack : -0.538
TNS   : -0.808

Type  : Slow 1100mV 0C Model Setup 'CLOCK_50'
Slack : -10.803
TNS   : -4373.365

Type  : Slow 1100mV 0C Model Hold 'CLOCK_50'
Slack : 0.458
TNS   : 0.000

Type  : Slow 1100mV 0C Model Recovery 'FPGA_RESET_N'
Slack : -5.221
TNS   : -5.221

Type  : Slow 1100mV 0C Model Recovery 'KEY[3]'
Slack : -4.713
TNS   : -4.713

Type  : Slow 1100mV 0C Model Recovery 'KEY[1]'
Slack : -4.650
TNS   : -4.650

Type  : Slow 1100mV 0C Model Recovery 'KEY[0]'
Slack : -4.530
TNS   : -4.530

Type  : Slow 1100mV 0C Model Removal 'KEY[0]'
Slack : 0.966
TNS   : 0.000

Type  : Slow 1100mV 0C Model Removal 'KEY[1]'
Slack : 1.093
TNS   : 0.000

Type  : Slow 1100mV 0C Model Removal 'KEY[3]'
Slack : 1.124
TNS   : 0.000

Type  : Slow 1100mV 0C Model Removal 'FPGA_RESET_N'
Slack : 1.719
TNS   : 0.000

Type  : Slow 1100mV 0C Model Minimum Pulse Width 'KEY[3]'
Slack : -0.856
TNS   : -1.553

Type  : Slow 1100mV 0C Model Minimum Pulse Width 'CLOCK_50'
Slack : -0.538
TNS   : -515.015

Type  : Slow 1100mV 0C Model Minimum Pulse Width 'KEY[0]'
Slack : -0.538
TNS   : -1.129

Type  : Slow 1100mV 0C Model Minimum Pulse Width 'KEY[1]'
Slack : -0.538
TNS   : -0.925

Type  : Slow 1100mV 0C Model Minimum Pulse Width 'FPGA_RESET_N'
Slack : -0.538
TNS   : -0.793

Type  : Fast 1100mV 85C Model Setup 'CLOCK_50'
Slack : -5.125
TNS   : -1991.873

Type  : Fast 1100mV 85C Model Hold 'CLOCK_50'
Slack : 0.181
TNS   : 0.000

Type  : Fast 1100mV 85C Model Recovery 'FPGA_RESET_N'
Slack : -2.078
TNS   : -2.078

Type  : Fast 1100mV 85C Model Recovery 'KEY[3]'
Slack : -2.032
TNS   : -2.032

Type  : Fast 1100mV 85C Model Recovery 'KEY[1]'
Slack : -1.741
TNS   : -1.741

Type  : Fast 1100mV 85C Model Recovery 'KEY[0]'
Slack : -1.708
TNS   : -1.708

Type  : Fast 1100mV 85C Model Removal 'KEY[1]'
Slack : 0.065
TNS   : 0.000

Type  : Fast 1100mV 85C Model Removal 'KEY[0]'
Slack : 0.088
TNS   : 0.000

Type  : Fast 1100mV 85C Model Removal 'FPGA_RESET_N'
Slack : 0.443
TNS   : 0.000

Type  : Fast 1100mV 85C Model Removal 'KEY[3]'
Slack : 0.488
TNS   : 0.000

Type  : Fast 1100mV 85C Model Minimum Pulse Width 'KEY[3]'
Slack : -0.844
TNS   : -2.105

Type  : Fast 1100mV 85C Model Minimum Pulse Width 'KEY[0]'
Slack : -0.486
TNS   : -1.534

Type  : Fast 1100mV 85C Model Minimum Pulse Width 'CLOCK_50'
Slack : -0.406
TNS   : -293.465

Type  : Fast 1100mV 85C Model Minimum Pulse Width 'KEY[1]'
Slack : -0.399
TNS   : -1.245

Type  : Fast 1100mV 85C Model Minimum Pulse Width 'FPGA_RESET_N'
Slack : -0.362
TNS   : -0.956

Type  : Fast 1100mV 0C Model Setup 'CLOCK_50'
Slack : -4.551
TNS   : -1720.820

Type  : Fast 1100mV 0C Model Hold 'CLOCK_50'
Slack : 0.135
TNS   : 0.000

Type  : Fast 1100mV 0C Model Recovery 'KEY[3]'
Slack : -1.860
TNS   : -1.860

Type  : Fast 1100mV 0C Model Recovery 'FPGA_RESET_N'
Slack : -1.830
TNS   : -1.830

Type  : Fast 1100mV 0C Model Recovery 'KEY[1]'
Slack : -1.497
TNS   : -1.497

Type  : Fast 1100mV 0C Model Recovery 'KEY[0]'
Slack : -1.480
TNS   : -1.480

Type  : Fast 1100mV 0C Model Removal 'KEY[1]'
Slack : 0.057
TNS   : 0.000

Type  : Fast 1100mV 0C Model Removal 'KEY[0]'
Slack : 0.073
TNS   : 0.000

Type  : Fast 1100mV 0C Model Removal 'FPGA_RESET_N'
Slack : 0.428
TNS   : 0.000

Type  : Fast 1100mV 0C Model Removal 'KEY[3]'
Slack : 0.523
TNS   : 0.000

Type  : Fast 1100mV 0C Model Minimum Pulse Width 'KEY[3]'
Slack : -0.869
TNS   : -2.318

Type  : Fast 1100mV 0C Model Minimum Pulse Width 'KEY[0]'
Slack : -0.543
TNS   : -1.750

Type  : Fast 1100mV 0C Model Minimum Pulse Width 'KEY[1]'
Slack : -0.469
TNS   : -1.509

Type  : Fast 1100mV 0C Model Minimum Pulse Width 'CLOCK_50'
Slack : -0.444
TNS   : -353.114

Type  : Fast 1100mV 0C Model Minimum Pulse Width 'FPGA_RESET_N'
Slack : -0.422
TNS   : -1.234

------------------------------------------------------------
