------------------------------------------------------------
Timing Analyzer Summary
------------------------------------------------------------

Type  : Slow 1100mV 85C Model Setup 'CLOCK_50'
Slack : -10.039
TNS   : -4195.857

Type  : Slow 1100mV 85C Model Hold 'CLOCK_50'
Slack : 0.468
TNS   : 0.000

Type  : Slow 1100mV 85C Model Recovery 'KEY[1]'
Slack : -4.159
TNS   : -4.159

Type  : Slow 1100mV 85C Model Recovery 'KEY[0]'
Slack : -4.051
TNS   : -4.051

Type  : Slow 1100mV 85C Model Removal 'KEY[0]'
Slack : 1.360
TNS   : 0.000

Type  : Slow 1100mV 85C Model Removal 'KEY[1]'
Slack : 1.364
TNS   : 0.000

Type  : Slow 1100mV 85C Model Minimum Pulse Width 'CLOCK_50'
Slack : -0.538
TNS   : -538.469

Type  : Slow 1100mV 85C Model Minimum Pulse Width 'KEY[0]'
Slack : -0.538
TNS   : -0.885

Type  : Slow 1100mV 85C Model Minimum Pulse Width 'KEY[1]'
Slack : -0.538
TNS   : -0.863

Type  : Slow 1100mV 0C Model Setup 'CLOCK_50'
Slack : -9.928
TNS   : -4106.560

Type  : Slow 1100mV 0C Model Hold 'CLOCK_50'
Slack : 0.490
TNS   : 0.000

Type  : Slow 1100mV 0C Model Recovery 'KEY[1]'
Slack : -4.470
TNS   : -4.470

Type  : Slow 1100mV 0C Model Recovery 'KEY[0]'
Slack : -4.221
TNS   : -4.221

Type  : Slow 1100mV 0C Model Removal 'KEY[0]'
Slack : 1.472
TNS   : 0.000

Type  : Slow 1100mV 0C Model Removal 'KEY[1]'
Slack : 1.525
TNS   : 0.000

Type  : Slow 1100mV 0C Model Minimum Pulse Width 'CLOCK_50'
Slack : -0.538
TNS   : -476.443

Type  : Slow 1100mV 0C Model Minimum Pulse Width 'KEY[0]'
Slack : -0.538
TNS   : -0.916

Type  : Slow 1100mV 0C Model Minimum Pulse Width 'KEY[1]'
Slack : -0.538
TNS   : -0.897

Type  : Fast 1100mV 85C Model Setup 'CLOCK_50'
Slack : -4.894
TNS   : -1938.198

Type  : Fast 1100mV 85C Model Hold 'CLOCK_50'
Slack : 0.184
TNS   : 0.000

Type  : Fast 1100mV 85C Model Recovery 'KEY[0]'
Slack : -1.563
TNS   : -1.563

Type  : Fast 1100mV 85C Model Recovery 'KEY[1]'
Slack : -1.372
TNS   : -1.372

Type  : Fast 1100mV 85C Model Removal 'KEY[1]'
Slack : 0.418
TNS   : 0.000

Type  : Fast 1100mV 85C Model Removal 'KEY[0]'
Slack : 0.435
TNS   : 0.000

Type  : Fast 1100mV 85C Model Minimum Pulse Width 'KEY[1]'
Slack : -0.445
TNS   : -1.274

Type  : Fast 1100mV 85C Model Minimum Pulse Width 'KEY[0]'
Slack : -0.425
TNS   : -1.181

Type  : Fast 1100mV 85C Model Minimum Pulse Width 'CLOCK_50'
Slack : -0.410
TNS   : -276.271

Type  : Fast 1100mV 0C Model Setup 'CLOCK_50'
Slack : -4.385
TNS   : -1678.634

Type  : Fast 1100mV 0C Model Hold 'CLOCK_50'
Slack : 0.174
TNS   : 0.000

Type  : Fast 1100mV 0C Model Recovery 'KEY[0]'
Slack : -1.354
TNS   : -1.354

Type  : Fast 1100mV 0C Model Recovery 'KEY[1]'
Slack : -1.209
TNS   : -1.209

Type  : Fast 1100mV 0C Model Removal 'KEY[1]'
Slack : 0.337
TNS   : 0.000

Type  : Fast 1100mV 0C Model Removal 'KEY[0]'
Slack : 0.354
TNS   : 0.000

Type  : Fast 1100mV 0C Model Minimum Pulse Width 'KEY[1]'
Slack : -0.505
TNS   : -1.522

Type  : Fast 1100mV 0C Model Minimum Pulse Width 'KEY[0]'
Slack : -0.489
TNS   : -1.441

Type  : Fast 1100mV 0C Model Minimum Pulse Width 'CLOCK_50'
Slack : -0.446
TNS   : -329.583

------------------------------------------------------------
