------------------------------------------------------------
Timing Analyzer Summary
------------------------------------------------------------

Type  : Slow 1100mV 85C Model Setup 'CLOCK_50'
Slack : -9.700
TNS   : -4042.057

Type  : Slow 1100mV 85C Model Hold 'CLOCK_50'
Slack : 0.461
TNS   : 0.000

Type  : Slow 1100mV 85C Model Recovery 'KEY[0]'
Slack : -4.152
TNS   : -4.152

Type  : Slow 1100mV 85C Model Recovery 'KEY[1]'
Slack : -4.027
TNS   : -4.027

Type  : Slow 1100mV 85C Model Removal 'KEY[1]'
Slack : 1.351
TNS   : 0.000

Type  : Slow 1100mV 85C Model Removal 'KEY[0]'
Slack : 1.525
TNS   : 0.000

Type  : Slow 1100mV 85C Model Minimum Pulse Width 'CLOCK_50'
Slack : -0.538
TNS   : -539.285

Type  : Slow 1100mV 85C Model Minimum Pulse Width 'KEY[0]'
Slack : -0.538
TNS   : -0.859

Type  : Slow 1100mV 85C Model Minimum Pulse Width 'KEY[1]'
Slack : -0.538
TNS   : -0.859

Type  : Slow 1100mV 0C Model Setup 'CLOCK_50'
Slack : -9.732
TNS   : -4016.875

Type  : Slow 1100mV 0C Model Hold 'CLOCK_50'
Slack : 0.488
TNS   : 0.000

Type  : Slow 1100mV 0C Model Recovery 'KEY[0]'
Slack : -4.278
TNS   : -4.278

Type  : Slow 1100mV 0C Model Recovery 'KEY[1]'
Slack : -4.155
TNS   : -4.155

Type  : Slow 1100mV 0C Model Removal 'KEY[1]'
Slack : 1.418
TNS   : 0.000

Type  : Slow 1100mV 0C Model Removal 'KEY[0]'
Slack : 1.579
TNS   : 0.000

Type  : Slow 1100mV 0C Model Minimum Pulse Width 'CLOCK_50'
Slack : -0.538
TNS   : -476.731

Type  : Slow 1100mV 0C Model Minimum Pulse Width 'KEY[1]'
Slack : -0.538
TNS   : -0.891

Type  : Slow 1100mV 0C Model Minimum Pulse Width 'KEY[0]'
Slack : -0.538
TNS   : -0.887

Type  : Fast 1100mV 85C Model Setup 'CLOCK_50'
Slack : -4.393
TNS   : -1748.787

Type  : Fast 1100mV 85C Model Hold 'CLOCK_50'
Slack : 0.182
TNS   : 0.000

Type  : Fast 1100mV 85C Model Recovery 'KEY[0]'
Slack : -1.506
TNS   : -1.506

Type  : Fast 1100mV 85C Model Recovery 'KEY[1]'
Slack : -1.431
TNS   : -1.431

Type  : Fast 1100mV 85C Model Removal 'KEY[1]'
Slack : 0.392
TNS   : 0.000

Type  : Fast 1100mV 85C Model Removal 'KEY[0]'
Slack : 0.499
TNS   : 0.000

Type  : Fast 1100mV 85C Model Minimum Pulse Width 'KEY[1]'
Slack : -0.458
TNS   : -1.308

Type  : Fast 1100mV 85C Model Minimum Pulse Width 'KEY[0]'
Slack : -0.423
TNS   : -1.172

Type  : Fast 1100mV 85C Model Minimum Pulse Width 'CLOCK_50'
Slack : -0.409
TNS   : -277.271

Type  : Fast 1100mV 0C Model Setup 'CLOCK_50'
Slack : -3.943
TNS   : -1519.569

Type  : Fast 1100mV 0C Model Hold 'CLOCK_50'
Slack : 0.170
TNS   : 0.000

Type  : Fast 1100mV 0C Model Recovery 'KEY[0]'
Slack : -1.323
TNS   : -1.323

Type  : Fast 1100mV 0C Model Recovery 'KEY[1]'
Slack : -1.254
TNS   : -1.254

Type  : Fast 1100mV 0C Model Removal 'KEY[1]'
Slack : 0.301
TNS   : 0.000

Type  : Fast 1100mV 0C Model Removal 'KEY[0]'
Slack : 0.394
TNS   : 0.000

Type  : Fast 1100mV 0C Model Minimum Pulse Width 'KEY[1]'
Slack : -0.512
TNS   : -1.540

Type  : Fast 1100mV 0C Model Minimum Pulse Width 'KEY[0]'
Slack : -0.488
TNS   : -1.435

Type  : Fast 1100mV 0C Model Minimum Pulse Width 'CLOCK_50'
Slack : -0.446
TNS   : -329.874

------------------------------------------------------------
